// Jest Snapshot v1, https://goo.gl/fbAQLP

exports[`redux db should write cache to disk 1`] = `
Object {
  "componentDataDependencies": Object {
    "connections": Object {},
    "nodes": Object {},
  },
  "components": Map {
    "/Users/username/dev/site/src/templates/my-sweet-new-page.js" => Object {
      "componentPath": "/Users/username/dev/site/src/templates/my-sweet-new-page.js",
      "isInBootstrap": true,
      "pages": Array [
        "/my-sweet-new-page/",
      ],
      "query": "",
    },
  },
  "staticQueryComponents": Map {},
  "status": Object {
    "plugins": Object {},
  },
  "webpackCompilationHash": "",
}
`;
